gpu_name Tesla V100-SXM2-32GB
gpu_capability (7, 0)
shape (1, 90, 180, 768) num_blocks 8
AFNO input shape: torch.Size([1, 90, 180, 768])
num_blocks: 8
block_size: 96
w1 shape: torch.Size([2, 8, 96, 96])
w2 shape: torch.Size([2, 8, 96, 96])
hard_thresholding_fraction: 1.0
total_modes: 46
kept_modes: 46
max_abs_diff 1.430511474609375e-06
mean_abs_diff 1.2035147989308825e-08
allclose True
original_afno run 0: 5.627904 ms
original_afno run 1: 5.525504 ms
original_afno run 2: 5.552128 ms
original_afno run 3: 5.522432 ms
original_afno run 4: 5.559296 ms
original_afno run 5: 5.524480 ms
original_afno run 6: 5.531648 ms
original_afno run 7: 5.514240 ms
original_afno run 8: 5.517312 ms
original_afno run 9: 5.558272 ms
original_afno run 10: 5.579776 ms
original_afno run 11: 5.528576 ms
original_afno run 12: 5.526528 ms
original_afno run 13: 5.520384 ms
original_afno run 14: 5.572608 ms
original_afno run 15: 5.444608 ms
original_afno run 16: 5.354496 ms
original_afno run 17: 5.378048 ms
original_afno run 18: 5.429248 ms
original_afno run 19: 5.408768 ms
original_afno run 20: 5.366784 ms
original_afno run 21: 5.366784 ms
original_afno run 22: 5.371904 ms
original_afno run 23: 5.361664 ms
original_afno run 24: 5.370880 ms
original_afno run 25: 5.430272 ms
original_afno run 26: 5.354496 ms
original_afno run 27: 5.408768 ms
original_afno run 28: 5.374976 ms
original_afno run 29: 5.384192 ms
original_afno run 30: 5.420032 ms
original_afno run 31: 5.407744 ms
original_afno run 32: 5.391360 ms
original_afno run 33: 5.371904 ms
original_afno run 34: 5.370880 ms
original_afno run 35: 5.368832 ms
original_afno run 36: 5.383168 ms
original_afno run 37: 5.402624 ms
original_afno run 38: 5.386240 ms
original_afno run 39: 5.389312 ms
original_afno run 40: 5.423104 ms
original_afno run 41: 5.407744 ms
original_afno run 42: 5.413888 ms
original_afno run 43: 5.369856 ms
original_afno run 44: 5.381120 ms
original_afno run 45: 5.364736 ms
original_afno run 46: 5.308416 ms
original_afno run 47: 5.289984 ms
original_afno run 48: 5.304320 ms
original_afno run 49: 5.307392 ms
original_afno run 50: 5.312512 ms
original_afno run 51: 5.294080 ms
original_afno run 52: 5.356544 ms
original_afno run 53: 5.296128 ms
original_afno run 54: 5.275648 ms
original_afno run 55: 5.269504 ms
original_afno run 56: 5.284864 ms
original_afno run 57: 5.301248 ms
original_afno run 58: 5.277696 ms
original_afno run 59: 5.306368 ms
original_afno run 60: 5.258240 ms
original_afno run 61: 5.302272 ms
original_afno run 62: 5.307392 ms
original_afno run 63: 5.324800 ms
original_afno run 64: 5.271552 ms
original_afno run 65: 5.294080 ms
original_afno run 66: 5.259264 ms
original_afno run 67: 5.292032 ms
original_afno run 68: 5.289984 ms
original_afno run 69: 5.273600 ms
original_afno run 70: 5.304320 ms
original_afno run 71: 5.300224 ms
original_afno run 72: 5.354496 ms
original_afno run 73: 5.283840 ms
original_afno run 74: 5.267456 ms
original_afno run 75: 5.278720 ms
original_afno run 76: 5.338112 ms
original_afno run 77: 5.351424 ms
original_afno run 78: 5.295104 ms
original_afno run 79: 5.271552 ms
original_afno run 80: 5.317632 ms
original_afno run 81: 5.305344 ms
original_afno run 82: 5.319680 ms
original_afno run 83: 5.297152 ms
original_afno run 84: 5.297152 ms
original_afno run 85: 5.293056 ms
original_afno run 86: 5.278720 ms
original_afno run 87: 5.274624 ms
original_afno run 88: 5.325824 ms
original_afno run 89: 5.327872 ms
original_afno run 90: 5.350400 ms
original_afno run 91: 5.307392 ms
original_afno run 92: 5.322752 ms
original_afno run 93: 5.323776 ms
original_afno run 94: 5.334016 ms
original_afno run 95: 5.309440 ms
original_afno run 96: 5.291008 ms
original_afno run 97: 5.272576 ms
original_afno run 98: 5.325824 ms
original_afno run 99: 5.310464 ms
original_afno summary: runs=100, mean=5.365074 ms, min=5.258240 ms, max=5.627904 ms
optimized_sep_bmm_afno run 0: 3.734528 ms
optimized_sep_bmm_afno run 1: 3.714048 ms
optimized_sep_bmm_afno run 2: 3.712000 ms
optimized_sep_bmm_afno run 3: 3.696640 ms
optimized_sep_bmm_afno run 4: 3.674112 ms
optimized_sep_bmm_afno run 5: 3.681280 ms
optimized_sep_bmm_afno run 6: 3.701760 ms
optimized_sep_bmm_afno run 7: 3.726336 ms
optimized_sep_bmm_afno run 8: 3.686400 ms
optimized_sep_bmm_afno run 9: 3.671040 ms
optimized_sep_bmm_afno run 10: 3.691520 ms
optimized_sep_bmm_afno run 11: 3.718144 ms
optimized_sep_bmm_afno run 12: 3.729408 ms
optimized_sep_bmm_afno run 13: 3.685376 ms
optimized_sep_bmm_afno run 14: 3.665920 ms
optimized_sep_bmm_afno run 15: 3.704832 ms
optimized_sep_bmm_afno run 16: 3.701760 ms
optimized_sep_bmm_afno run 17: 3.710976 ms
optimized_sep_bmm_afno run 18: 3.688448 ms
optimized_sep_bmm_afno run 19: 3.668992 ms
optimized_sep_bmm_afno run 20: 3.687424 ms
optimized_sep_bmm_afno run 21: 3.666944 ms
optimized_sep_bmm_afno run 22: 3.686400 ms
optimized_sep_bmm_afno run 23: 3.687424 ms
optimized_sep_bmm_afno run 24: 3.689472 ms
optimized_sep_bmm_afno run 25: 3.689472 ms
optimized_sep_bmm_afno run 26: 3.691520 ms
optimized_sep_bmm_afno run 27: 3.681280 ms
optimized_sep_bmm_afno run 28: 3.686400 ms
optimized_sep_bmm_afno run 29: 3.707904 ms
optimized_sep_bmm_afno run 30: 3.695616 ms
optimized_sep_bmm_afno run 31: 3.675136 ms
optimized_sep_bmm_afno run 32: 3.715072 ms
optimized_sep_bmm_afno run 33: 3.677184 ms
optimized_sep_bmm_afno run 34: 3.702784 ms
optimized_sep_bmm_afno run 35: 3.697664 ms
optimized_sep_bmm_afno run 36: 3.704832 ms
optimized_sep_bmm_afno run 37: 3.702784 ms
optimized_sep_bmm_afno run 38: 3.709952 ms
optimized_sep_bmm_afno run 39: 3.686400 ms
optimized_sep_bmm_afno run 40: 3.689472 ms
optimized_sep_bmm_afno run 41: 3.679232 ms
optimized_sep_bmm_afno run 42: 3.693568 ms
optimized_sep_bmm_afno run 43: 3.674112 ms
optimized_sep_bmm_afno run 44: 3.709952 ms
optimized_sep_bmm_afno run 45: 3.671040 ms
optimized_sep_bmm_afno run 46: 3.695616 ms
optimized_sep_bmm_afno run 47: 3.694592 ms
optimized_sep_bmm_afno run 48: 3.702784 ms
optimized_sep_bmm_afno run 49: 3.664896 ms
optimized_sep_bmm_afno run 50: 3.696640 ms
optimized_sep_bmm_afno run 51: 3.704832 ms
optimized_sep_bmm_afno run 52: 3.713024 ms
optimized_sep_bmm_afno run 53: 3.688448 ms
optimized_sep_bmm_afno run 54: 3.672064 ms
optimized_sep_bmm_afno run 55: 3.691520 ms
optimized_sep_bmm_afno run 56: 3.682304 ms
optimized_sep_bmm_afno run 57: 3.665920 ms
optimized_sep_bmm_afno run 58: 3.692544 ms
optimized_sep_bmm_afno run 59: 3.690496 ms
optimized_sep_bmm_afno run 60: 3.694592 ms
optimized_sep_bmm_afno run 61: 3.694592 ms
optimized_sep_bmm_afno run 62: 3.714048 ms
optimized_sep_bmm_afno run 63: 3.676160 ms
optimized_sep_bmm_afno run 64: 3.705856 ms
optimized_sep_bmm_afno run 65: 3.699712 ms
optimized_sep_bmm_afno run 66: 3.706880 ms
optimized_sep_bmm_afno run 67: 3.708928 ms
optimized_sep_bmm_afno run 68: 3.683328 ms
optimized_sep_bmm_afno run 69: 3.679232 ms
optimized_sep_bmm_afno run 70: 3.700736 ms
optimized_sep_bmm_afno run 71: 3.691520 ms
optimized_sep_bmm_afno run 72: 3.684352 ms
optimized_sep_bmm_afno run 73: 3.695616 ms
optimized_sep_bmm_afno run 74: 3.697664 ms
optimized_sep_bmm_afno run 75: 3.688448 ms
optimized_sep_bmm_afno run 76: 3.691520 ms
optimized_sep_bmm_afno run 77: 3.684352 ms
optimized_sep_bmm_afno run 78: 3.717120 ms
optimized_sep_bmm_afno run 79: 3.683328 ms
optimized_sep_bmm_afno run 80: 3.694592 ms
optimized_sep_bmm_afno run 81: 3.716096 ms
optimized_sep_bmm_afno run 82: 3.705856 ms
optimized_sep_bmm_afno run 83: 3.698688 ms
optimized_sep_bmm_afno run 84: 3.714048 ms
optimized_sep_bmm_afno run 85: 3.689472 ms
optimized_sep_bmm_afno run 86: 3.693568 ms
optimized_sep_bmm_afno run 87: 3.687424 ms
optimized_sep_bmm_afno run 88: 3.681280 ms
optimized_sep_bmm_afno run 89: 3.682304 ms
optimized_sep_bmm_afno run 90: 3.714048 ms
optimized_sep_bmm_afno run 91: 3.700736 ms
optimized_sep_bmm_afno run 92: 3.704832 ms
optimized_sep_bmm_afno run 93: 3.702784 ms
optimized_sep_bmm_afno run 94: 3.710976 ms
optimized_sep_bmm_afno run 95: 3.702784 ms
optimized_sep_bmm_afno run 96: 3.704832 ms
optimized_sep_bmm_afno run 97: 3.666944 ms
optimized_sep_bmm_afno run 98: 3.720192 ms
optimized_sep_bmm_afno run 99: 3.710976 ms
optimized_sep_bmm_afno summary: runs=100, mean=3.694787 ms, min=3.664896 ms, max=3.734528 ms
speedup_original_over_optimized: 1.452066x
final_max_abs_diff 1.430511474609375e-06
final_mean_abs_diff 1.2035147989308825e-08
